###############################################################################
#
# IAR ELF Linker V8.30.2.160/W32 for ARM                  07/Jan/2019  22:24:59
# Copyright 2007-2018 IAR Systems AB.
#
#    Output file  =  
#        C:\Users\moaz\Documents\GitHub\Microcontroller-Calculator-Project\examples\boards\ek-tm4c123gxl\blinky\ewarm\Exe\blinky.out
#    Map file     =  
#        C:\Users\moaz\Documents\GitHub\Microcontroller-Calculator-Project\examples\boards\ek-tm4c123gxl\blinky\ewarm\List\blinky.map
#    Command line =  
#        -f C:\Users\moaz\AppData\Local\Temp\EWC55E.tmp
#        (C:\Users\moaz\Documents\GitHub\Microcontroller-Calculator-Project\examples\boards\ek-tm4c123gxl\blinky\ewarm\Obj\calculator.o
#        C:\Users\moaz\Documents\GitHub\Microcontroller-Calculator-Project\examples\boards\ek-tm4c123gxl\blinky\ewarm\Obj\delay.o
#        C:\Users\moaz\Documents\GitHub\Microcontroller-Calculator-Project\driverlib\ewarm\Exe\driverlib.a
#        C:\Users\moaz\Documents\GitHub\Microcontroller-Calculator-Project\examples\boards\ek-tm4c123gxl\blinky\ewarm\Obj\EEPROM_Module.o
#        C:\Users\moaz\Documents\GitHub\Microcontroller-Calculator-Project\examples\boards\ek-tm4c123gxl\blinky\ewarm\Obj\keypad.o
#        C:\Users\moaz\Documents\GitHub\Microcontroller-Calculator-Project\examples\boards\ek-tm4c123gxl\blinky\ewarm\Obj\lcd.o
#        C:\Users\moaz\Documents\GitHub\Microcontroller-Calculator-Project\examples\boards\ek-tm4c123gxl\blinky\ewarm\Obj\main.o
#        C:\Users\moaz\Documents\GitHub\Microcontroller-Calculator-Project\examples\boards\ek-tm4c123gxl\blinky\ewarm\Obj\mathop.o
#        C:\Users\moaz\Documents\GitHub\Microcontroller-Calculator-Project\examples\boards\ek-tm4c123gxl\blinky\ewarm\Obj\parser.o
#        C:\Users\moaz\Documents\GitHub\Microcontroller-Calculator-Project\examples\boards\ek-tm4c123gxl\blinky\ewarm\Obj\rtc.o
#        C:\Users\moaz\Documents\GitHub\Microcontroller-Calculator-Project\examples\boards\ek-tm4c123gxl\blinky\ewarm\Obj\startup_ewarm.o
#        --redirect _Printf=_PrintfTiny --redirect _Scanf=_ScanfSmallNoMb
#        --no_out_extension -o
#        C:\Users\moaz\Documents\GitHub\Microcontroller-Calculator-Project\examples\boards\ek-tm4c123gxl\blinky\ewarm\Exe\blinky.out
#        --map
#        C:\Users\moaz\Documents\GitHub\Microcontroller-Calculator-Project\examples\boards\ek-tm4c123gxl\blinky\ewarm\List\blinky.map
#        --config "C:\Program Files (x86)\IAR Systems\Embedded Workbench
#        8.1\arm\config\linker\TexasInstruments\TM4C123GH6.icf" --semihosting
#        --entry __iar_program_start --vfe --text_out locale)
#
###############################################################################

*******************************************************************************
*** RUNTIME MODEL ATTRIBUTES
***

CppFlavor       = *
__SystemLibrary = DLib
__dlib_version  = 6


*******************************************************************************
*** HEAP SELECTION
***

The basic heap was selected because some modules are built with
size limitations (and not runtime checking), and --advanced_heap
was not specified.


*******************************************************************************
*** PLACEMENT SUMMARY
***

"A0":  place at 0x0 { ro section .intvec };
"P1":  place in [from 0x0 to 0x3'ffff] { ro };
define block CSTACK with size = 4K, alignment = 8 { };
define block HEAP with size = 8K, alignment = 8 { };
"P2":  place in [from 0x2000'0000 to 0x2000'7fff] {
          rw, block CSTACK, block HEAP };
do not initialize { section .noinit };
initialize by copy { rw };

  Section            Kind         Address    Size  Object
  -------            ----         -------    ----  ------
"A0":                                       0x26c
  .intvec            const            0x0   0x26c  startup_ewarm.o [1]
                                  - 0x26c   0x26c

"P1":                                      0x1728
  .text              ro code        0x26c   0x4d4  gpio.o [3]
  .text              ro code        0x740    0xac  interrupt.o [3]
  .text              ro code        0x7ec   0x1cc  keypad.o [1]
  .text              ro code        0x9b8    0x9c  sysctl.o [3]
  .text              ro code        0xa54    0x56  ABImemcpy_unaligned.o [5]
  .text              ro code        0xaaa    0x38  delay.o [1]
  .text              ro code        0xae2    0x3a  zero_init3.o [5]
  .text              ro code        0xb1c     0x4  cpu.o [3]
  .text              ro code        0xb20   0x1ac  timer.o [3]
  .text              ro code        0xccc   0x180  calculator.o [1]
  .text              ro code        0xe4c   0x13c  lcd.o [1]
  .text              ro code        0xf88    0xf4  mathop.o [1]
  .text              ro code       0x107c    0xf8  parser.o [1]
  .text              ro code       0x1174   0x178  eeprom.o [3]
  .text              ro code       0x12ec   0x164  rtc.o [1]
  .text              ro code       0x1450     0x4  time_trampoline.o [2]
  .text              ro code       0x1454    0x1a  localtim.o [2]
  .text              ro code       0x146e    0x12  time.o [6]
  .text              ro code       0x1480     0x4  xTzoff_nop.o [2]
  .text              ro code       0x1484   0x104  xttotm.o [2]
  .text              ro code       0x1588     0x6  xisdst_nop.o [2]
  .text              ro code       0x1590    0x6c  xDaysTo.o [2]
  .text              ro code       0x15fc   0x11c  main.o [1]
  .text              ro code       0x1718   0x104  EEPROM_Module.o [1]
  .text              ro code       0x181c    0x2c  copy_init3.o [5]
  .text              ro code       0x1848    0x28  data_init.o [5]
  .text              ro code       0x1870    0x22  fpinit_M.o [4]
  .iar.init_table    const         0x1894    0x24  - Linker created -
  .text              ro code       0x18b8    0x1e  startup_ewarm.o [1]
  .text              ro code       0x18d6     0xc  cstartup_M.o [5]
  .text              ro code       0x18e4    0x1e  cmain.o [5]
  .text              ro code       0x1902     0x4  low_level_init.o [2]
  .text              ro code       0x1906     0x4  exit.o [2]
  .text              ro code       0x190c     0xa  cexit.o [5]
  .text              ro code       0x1918    0x14  exit.o [6]
  .rodata            const         0x192c    0x10  EEPROM_Module.o [1]
  .rodata            const         0x193c    0x10  EEPROM_Module.o [1]
  .rodata            const         0x194c    0x10  keypad.o [1]
  Initializer bytes  const         0x195c    0x10  <for P2-1>
  .rodata            const         0x196c     0x8  calculator.o [1]
  .rodata            const         0x1974     0x8  main.o [1]
  .rodata            const         0x197c     0x8  main.o [1]
  .rodata            const         0x1984     0x8  main.o [1]
  .rodata            const         0x198c     0x8  main.o [1]
  .rodata            const         0x1994     0x0  zero_init3.o [5]
  .rodata            const         0x1994     0x0  copy_init3.o [5]
                                 - 0x1994  0x1728

"P2", part 1 of 3:                           0x10
  P2-1                        0x2000'0000     0xd  <Init block>
    .data            inited   0x2000'0000     0x8  mathop.o [1]
    .data            inited   0x2000'0008     0x4  parser.o [1]
    .data            inited   0x2000'000c     0x1  rtc.o [1]
                            - 0x2000'000d     0xd

"P2", part 2 of 3:                           0x6c
  .bss               zero     0x2000'0010    0x2c  xttotm.o [2]
  .bss               zero     0x2000'003c    0x10  parser.o [1]
  .bss               zero     0x2000'004c     0x8  EEPROM_Module.o [1]
  .bss               zero     0x2000'0054     0x8  EEPROM_Module.o [1]
  .bss               zero     0x2000'005c     0x4  EEPROM_Module.o [1]
  .bss               zero     0x2000'0060     0x4  mathop.o [1]
  .bss               zero     0x2000'0064     0x4  parser.o [1]
  .bss               zero     0x2000'0068     0x4  rtc.o [1]
  .bss               zero     0x2000'006c     0x4  rtc.o [1]
  .bss               zero     0x2000'0070     0x2  calculator.o [1]
  .bss               zero     0x2000'0072     0x2  EEPROM_Module.o [1]
  .bss               zero     0x2000'0074     0x2  main.o [1]
  .bss               zero     0x2000'0076     0x2  parser.o [1]
  .bss               zero     0x2000'0078     0x1  calculator.o [1]
  .bss               zero     0x2000'0079     0x1  calculator.o [1]
  .bss               zero     0x2000'007a     0x1  mathop.o [1]
                            - 0x2000'007b    0x6b

"P2", part 3 of 3:                          0x46c
  VTABLE             uninit   0x2000'0400   0x26c  interrupt.o [3]
  .noinit            uninit   0x2000'066c   0x200  startup_ewarm.o [1]
                            - 0x2000'086c   0x46c

Unused ranges:

         From           To      Size
         ----           --      ----
       0x1994     0x3'ffff  0x3'e66c
  0x2000'007c  0x2000'03ff     0x384
  0x2000'086c  0x2000'7fff    0x7794


*******************************************************************************
*** INIT TABLE
***

          Address      Size
          -------      ----
Zero (__iar_zero_init3)
    1 destination range, total size 0x6b:
          0x2000'0010  0x6b

Copy (__iar_copy_init3)
    1 source range, total size 0x10 (123% of destination):
               0x195c  0x10
    1 destination range, total size 0xd:
          0x2000'0000   0xd



*******************************************************************************
*** MODULE SUMMARY
***

    Module                 ro code  ro data  rw data
    ------                 -------  -------  -------
command line/config:
    ------------------------------------------------
    Total:

C:\Users\moaz\Documents\GitHub\Microcontroller-Calculator-Project\examples\boards\ek-tm4c123gxl\blinky\ewarm\Obj: [1]
    EEPROM_Module.o            260       32       22
    calculator.o               384        8        4
    delay.o                     56
    keypad.o                   460       16
    lcd.o                      316
    main.o                     284       32        2
    mathop.o                   244        8       13
    parser.o                   248        4       26
    rtc.o                      356        1        9
    startup_ewarm.o             30      620      512
    ------------------------------------------------
    Total:                   2 638      721      588

dl7M_tln.a: [2]
    exit.o                       4
    localtim.o                  26
    low_level_init.o             4
    time_trampoline.o            4
    xDaysTo.o                  108
    xTzoff_nop.o                 4
    xisdst_nop.o                 6
    xttotm.o                   260                44
    ------------------------------------------------
    Total:                     416                44

driverlib.a: [3]
    cpu.o                        4
    eeprom.o                   376
    gpio.o                   1 236
    interrupt.o                172               620
    sysctl.o                   156
    timer.o                    428
    ------------------------------------------------
    Total:                   2 372               620

m7M_tls.a: [4]
    fpinit_M.o                  34
    ------------------------------------------------
    Total:                      34

rt7M_tl.a: [5]
    ABImemcpy_unaligned.o       86
    cexit.o                     10
    cmain.o                     30
    copy_init3.o                44
    cstartup_M.o                12
    data_init.o                 40
    zero_init3.o                58
    ------------------------------------------------
    Total:                     280

shb_l.a: [6]
    exit.o                      20
    time.o                      18
    ------------------------------------------------
    Total:                      38

    Gaps                         8        2
    Linker created                       39
----------------------------------------------------
    Grand Total:             5 786      762    1 252


*******************************************************************************
*** ENTRY LIST
***

Entry                       Address   Size  Type      Object
-----                       -------   ----  ----      ------
.iar.init_table$$Base        0x1894          --   Gb  - Linker created -
.iar.init_table$$Limit       0x18b8          --   Gb  - Linker created -
?main                        0x18e5         Code  Gb  cmain.o [5]
CPUwfi                        0xb1d    0x4  Code  Gb  cpu.o [3]
CalculatorMain                0xccd   0xde  Code  Gb  calculator.o [1]
DelayMs                       0xac5   0x1e  Code  Gb  delay.o [1]
DelayUs                       0xaab   0x1a  Code  Gb  delay.o [1]
DisplayWelcomeMessage        0x1651   0x9c  Code  Gb  main.o [1]
EEPRMIsKeyPressed       0x2000'0072    0x2  Data  Gb  EEPROM_Module.o [1]
EEPROMInit                   0x11d5   0x2a  Code  Gb  eeprom.o [3]
EEPROMKeypadKeyHandler       0x1719   0x12  Code  Gb  EEPROM_Module.o [1]
EEPROMProgram                0x1237   0x96  Code  Gb  eeprom.o [3]
EEPROMRead                   0x120d   0x2a  Code  Gb  eeprom.o [3]
EEPROM_Init                  0x172b   0x26  Code  Gb  EEPROM_Module.o [1]
EEPROM_Main                  0x1751   0xa0  Code  Gb  EEPROM_Module.o [1]
FaultISR                     0x18d3    0x2  Code  Lc  startup_ewarm.o [1]
GPIODirModeSet                0x2ad   0x28  Code  Gb  gpio.o [3]
GPIOIntClear                  0x42f    0x8  Code  Gb  gpio.o [3]
GPIOIntDisable                0x429    0x6  Code  Gb  gpio.o [3]
GPIOIntEnable                 0x423    0x6  Code  Gb  gpio.o [3]
GPIOIntRegister               0x437   0x14  Code  Gb  gpio.o [3]
GPIOIntTypeSet                0x2d5   0x4c  Code  Gb  gpio.o [3]
GPIOPadConfigSet              0x321  0x102  Code  Gb  gpio.o [3]
GPIOPinConfigure              0x4bd   0x36  Code  Gb  gpio.o [3]
GPIOPinRead                   0x453    0x8  Code  Gb  gpio.o [3]
GPIOPinTypeGPIOInput          0x467   0x14  Code  Gb  gpio.o [3]
GPIOPinTypeGPIOOutput         0x47b    0xa  Code  Gb  gpio.o [3]
GPIOPinTypeTimer              0x49f   0x14  Code  Gb  gpio.o [3]
GPIOPinWrite                  0x45b    0x8  Code  Gb  gpio.o [3]
GetKeyPressed                 0x87f  0x11c  Code  Gb  keypad.o [1]
IntDefaultHandler            0x18d5    0x2  Code  Lc  startup_ewarm.o [1]
IntEnable                     0x769   0x46  Code  Gb  interrupt.o [3]
IntRegister                   0x741   0x28  Code  Gb  interrupt.o [3]
IsKeyPressed            0x2000'0070    0x2  Data  Gb  calculator.o [1]
KeypadInit                    0x86f   0x10  Code  Gb  keypad.o [1]
KeypadKeyHandler              0xe25   0x12  Code  Gb  calculator.o [1]
LCDCharData                   0xf71   0x18  Code  Gb  lcd.o [1]
LCDCommand                    0xec3   0x52  Code  Gb  lcd.o [1]
LCDData                       0xf15   0x4e  Code  Gb  lcd.o [1]
LCDInit                       0xe4d   0x76  Code  Gb  lcd.o [1]
MainIsKeyPressed        0x2000'0074    0x2  Data  Gb  main.o [1]
MainKeypadKeyHandler         0x16ed   0x12  Code  Gb  main.o [1]
NmiSR                        0x18d1    0x2  Code  Lc  startup_ewarm.o [1]
ParseRTC                     0x1123   0x3c  Code  Gb  parser.o [1]
PortCInit                     0x7ed   0x4e  Code  Gb  keypad.o [1]
PortEInit                     0x83b   0x34  Code  Gb  keypad.o [1]
PortFInit                    0x1341   0x3e  Code  Gb  rtc.o [1]
RTCMain                      0x12ed   0x54  Code  Gb  rtc.o [1]
Region$$Table$$Base          0x1894          --   Gb  - Linker created -
Region$$Table$$Limit         0x18b8          --   Gb  - Linker created -
ResetISR                     0x18b9   0x12  Code  Gb  startup_ewarm.o [1]
SysCtlDelay                   0xa41    0x8  Code  Gb  sysctl.o [3]
SysCtlPeripheralEnable        0xa1d    0x8  Code  Gb  sysctl.o [3]
SysCtlPeripheralReady         0x9b9    0x8  Code  Gb  sysctl.o [3]
SysCtlPeripheralReset         0x9db   0x42  Code  Gb  sysctl.o [3]
SysCtlSleep                   0xa3b    0x4  Code  Gb  sysctl.o [3]
Timer0AIntHandler            0x13e9   0x36  Code  Gb  rtc.o [1]
Timer0Init                   0x137f   0x68  Code  Gb  rtc.o [1]
TimerConfigure                0xb85   0x54  Code  Gb  timer.o [3]
TimerDisable                  0xb73   0x12  Code  Gb  timer.o [3]
TimerEnable                   0xb63   0x10  Code  Gb  timer.o [3]
TimerIntClear                 0xc25    0x6  Code  Gb  timer.o [3]
TimerIntEnable                0xc1b    0xa  Code  Gb  timer.o [3]
TimerIntRegister              0xc01   0x1a  Code  Gb  timer.o [3]
TimerLoadSet                  0xbe9   0x18  Code  Gb  timer.o [3]
_EEPROMSectorMaskClear       0x11a7   0x28  Code  Lc  eeprom.o [3]
_EEPROMSectorMaskSet         0x1175   0x32  Code  Lc  eeprom.o [3]
_GPIOIntNumberGet             0x26d   0x40  Code  Lc  gpio.o [3]
_TimerIntNumberGet            0xb21   0x42  Code  Lc  timer.o [3]
_Ttotm_ts               0x2000'0010   0x2c  Data  Lc  xttotm.o [2]
_Tzoff                       0x1481    0x4  Code  Gb  xTzoff_nop.o [2]
__cmain                      0x18e5         Code  Gb  cmain.o [5]
__exit                       0x1919   0x14  Code  Gb  exit.o [6]
__iar_Daysto32               0x1591   0x3a  Code  Gb  xDaysTo.o [2]
__iar_Isdst32                0x1589    0x6  Code  Gb  xisdst_nop.o [2]
__iar_Ttotm32                0x1485   0xc6  Code  Gb  xttotm.o [2]
__iar_copy_init3             0x181d   0x2c  Code  Gb  copy_init3.o [5]
__iar_data_init3             0x1849   0x28  Code  Gb  data_init.o [5]
__iar_init_vfp               0x1871         Code  Gb  fpinit_M.o [4]
__iar_program_start          0x18d7         Code  Gb  cstartup_M.o [5]
__iar_unaligned_memcpy4
                              0xa55         Code  Gb  ABImemcpy_unaligned.o [5]
__iar_unaligned_memcpy8
                              0xa55         Code  Gb  ABImemcpy_unaligned.o [5]
__iar_zero_init3              0xae3   0x3a  Code  Gb  zero_init3.o [5]
__localtime32                0x1455   0x1a  Code  Gb  localtim.o [2]
__low_level_init             0x1903    0x4  Code  Gb  low_level_init.o [2]
__time32                     0x146f   0x12  Code  Gb  time.o [6]
__vector_table                  0x0  0x26c  Data  Gb  startup_ewarm.o [1]
_call_main                   0x18f1         Code  Gb  cmain.o [5]
_exit                        0x190d         Code  Gb  cexit.o [5]
_main                        0x18ff         Code  Gb  cmain.o [5]
calculate_result              0xfe5   0x8a  Code  Gb  mathop.o [1]
clear_parser                 0x10ad    0xa  Code  Gb  parser.o [1]
clear_screen                  0xe11   0x14  Code  Gb  calculator.o [1]
current_operand         0x2000'0060    0x4  Data  Gb  mathop.o [1]
exit                         0x1907    0x4  Code  Gb  exit.o [2]
g_pfnRAMVectors         0x2000'0400  0x26c  Data  Lc  interrupt.o [3]
g_ppui32GPIOIntMapBlizzard
                              0x518   0xc0  Data  Lc  gpio.o [3]
g_ppui32GPIOIntMapSnowflake
                              0x5d8   0xd8  Data  Lc  gpio.o [3]
g_ppui32TimerIntMap           0xc2c   0x60  Data  Lc  timer.o [3]
g_ppui32TimerIntMapSnowflake
                              0xc8c   0x40  Data  Lc  timer.o [3]
g_pui32EnRegs                 0x7d8   0x14  Data  Lc  interrupt.o [3]
g_pui32GPIOBaseAddrs          0x6b0   0x90  Data  Lc  gpio.o [3]
get_current_operand           0xfd7    0x8  Code  Gb  mathop.o [1]
get_number                   0x107d    0x6  Code  Gb  parser.o [1]
get_number_char              0x115f    0x6  Code  Gb  parser.o [1]
hrs                     0x2000'0068    0x4  Data  Gb  rtc.o [1]
lmos                         0x1558   0x18  Data  Lc  xttotm.o [2]
lmos                         0x15cc   0x18  Data  Lc  xDaysTo.o [2]
localtime                    0x1455   0x1a  Code  Gb  localtim.o [2]
main                         0x15fd   0x54  Code  Gb  main.o [1]
mins                    0x2000'006c    0x4  Data  Gb  rtc.o [1]
mos                          0x1570   0x18  Data  Lc  xttotm.o [2]
mos                          0x15e4   0x18  Data  Lc  xDaysTo.o [2]
number                  0x2000'0008    0x4  Data  Gb  parser.o [1]
number_char             0x2000'003c   0x10  Data  Gb  parser.o [1]
number_to_char               0x10b7   0x6c  Code  Gb  parser.o [1]
number_to_char_counter  0x2000'0064    0x4  Data  Gb  parser.o [1]
op_pressed              0x2000'0079    0x1  Data  Gb  calculator.o [1]
operands                0x2000'0000    0x8  Data  Gb  mathop.o [1]
operation               0x2000'007a    0x1  Data  Gb  mathop.o [1]
output                  0x2000'0076    0x2  Data  Gb  parser.o [1]
parse                        0x1089   0x24  Code  Gb  parser.o [1]
pui32Data               0x2000'004c    0x8  Data  Gb  EEPROM_Module.o [1]
pui32Read               0x2000'0054    0x8  Data  Gb  EEPROM_Module.o [1]
pui32Stack              0x2000'066c  0x200  Data  Lc  startup_ewarm.o [1]
reset_current_operand         0xfc5   0x12  Code  Gb  mathop.o [1]
result_handler                0xdab   0x66  Code  Gb  calculator.o [1]
result_on_screen        0x2000'0078    0x1  Data  Gb  calculator.o [1]
set_current_operand           0xf89   0x3c  Code  Gb  mathop.o [1]
set_number                   0x1083    0x6  Code  Gb  parser.o [1]
set_operation                 0xfdf    0x6  Code  Gb  mathop.o [1]
time                         0x1451    0x4  Code  Gb  time_trampoline.o [2]
ui32EEPROMInit          0x2000'005c    0x4  Data  Gb  EEPROM_Module.o [1]
update                  0x2000'000c    0x1  Data  Gb  rtc.o [1]


[1] = C:\Users\moaz\Documents\GitHub\Microcontroller-Calculator-Project\examples\boards\ek-tm4c123gxl\blinky\ewarm\Obj
[2] = dl7M_tln.a
[3] = driverlib.a
[4] = m7M_tls.a
[5] = rt7M_tl.a
[6] = shb_l.a

  5 786 bytes of readonly  code memory
    762 bytes of readonly  data memory
  1 252 bytes of readwrite data memory

Errors: none
Warnings: none
