###############################################################################
#
# IAR ELF Linker V8.30.2.160/W32 for ARM                  03/Dec/2018  02:53:09
# Copyright 2007-2018 IAR Systems AB.
#
#    Output file  =  
#        C:\Users\Mahmoud\Documents\lesson x - lec7 - Step 4 -
#        TivaWare_C_Series-2.1.4.178\examples\boards\ek-tm4c123gxl\blinky\ewarm\Exe\blinky.out
#    Map file     =  
#        C:\Users\Mahmoud\Documents\lesson x - lec7 - Step 4 -
#        TivaWare_C_Series-2.1.4.178\examples\boards\ek-tm4c123gxl\blinky\ewarm\List\blinky.map
#    Command line =  
#        -f C:\Users\Mahmoud\AppData\Local\Temp\EW624B.tmp
#        ("C:\Users\Mahmoud\Documents\lesson x - lec7 - Step 4 -
#        TivaWare_C_Series-2.1.4.178\examples\boards\ek-tm4c123gxl\blinky\ewarm\Obj\blinky.o"
#        "C:\Users\Mahmoud\Documents\lesson x - lec7 - Step 4 -
#        TivaWare_C_Series-2.1.4.178\examples\boards\ek-tm4c123gxl\blinky\ewarm\Obj\delay.o"
#        "C:\Users\Mahmoud\Documents\lesson x - lec7 - Step 4 -
#        TivaWare_C_Series-2.1.4.178\driverlib\ewarm\Exe\driverlib.a"
#        "C:\Users\Mahmoud\Documents\lesson x - lec7 - Step 4 -
#        TivaWare_C_Series-2.1.4.178\examples\boards\ek-tm4c123gxl\blinky\ewarm\Obj\keypad.o"
#        "C:\Users\Mahmoud\Documents\lesson x - lec7 - Step 4 -
#        TivaWare_C_Series-2.1.4.178\examples\boards\ek-tm4c123gxl\blinky\ewarm\Obj\lcd.o"
#        "C:\Users\Mahmoud\Documents\lesson x - lec7 - Step 4 -
#        TivaWare_C_Series-2.1.4.178\examples\boards\ek-tm4c123gxl\blinky\ewarm\Obj\startup_ewarm.o"
#        --redirect _Printf=_PrintfTiny --redirect _Scanf=_ScanfSmallNoMb
#        --no_out_extension -o "C:\Users\Mahmoud\Documents\lesson x - lec7 -
#        Step 4 -
#        TivaWare_C_Series-2.1.4.178\examples\boards\ek-tm4c123gxl\blinky\ewarm\Exe\blinky.out"
#        --map "C:\Users\Mahmoud\Documents\lesson x - lec7 - Step 4 -
#        TivaWare_C_Series-2.1.4.178\examples\boards\ek-tm4c123gxl\blinky\ewarm\List\blinky.map"
#        --config "C:\Users\Mahmoud\Documents\lesson x - lec7 - Step 4 -
#        TivaWare_C_Series-2.1.4.178\examples\boards\ek-tm4c123gxl\blinky\blinky.icf"
#        --semihosting --entry __iar_program_start --vfe --text_out locale)
#
###############################################################################

*******************************************************************************
*** RUNTIME MODEL ATTRIBUTES
***

CppFlavor       = *
__SystemLibrary = DLib
__dlib_version  = 6


*******************************************************************************
*** HEAP SELECTION
***

The basic heap was selected because some modules are built with
size limitations (and not runtime checking), and --advanced_heap
was not specified.


*******************************************************************************
*** PLACEMENT SUMMARY
***

"A0":  place at start of [from 0x0 to 0x3'ffff] { ro section .intvec };
"P1":  place in [from 0x0 to 0x3'ffff] { ro };
"A1":  place at start of [from 0x2000'0000 to 0x2000'7fff] { section VTABLE };
define block HEAP with size = 0M, alignment = 8 { };
"P2":  place in [from 0x2000'0000 to 0x2000'7fff] { rw, block HEAP };
do not initialize { section .noinit };

  Section  Kind         Address   Size  Object
  -------  ----         -------   ----  ------
"A0":                            0x26c
  .intvec  const            0x0  0x26c  startup_ewarm.o [1]
                        - 0x26c  0x26c

"P1":                            0x784
  .text    ro code        0x26c  0x3cc  gpio.o [3]
  .text    ro code        0x638   0xac  interrupt.o [3]
  .text    ro code        0x6e4  0x134  lcd.o [1]
  .text    ro code        0x818   0x48  sysctl.o [3]
  .text    ro code        0x860   0x38  delay.o [1]
  .text    ro code        0x898   0x74  keypad.o [1]
  .text    ro code        0x90c   0x4a  blinky.o [1]
  .text    ro code        0x958   0x22  fpinit_M.o [4]
  .text    ro code        0x97c   0x1e  startup_ewarm.o [1]
  .text    ro code        0x99a    0xc  cstartup_M.o [5]
  .text    ro code        0x9a8   0x1e  cmain.o [5]
  .text    ro code        0x9c6    0x4  low_level_init.o [2]
  .text    ro code        0x9ca    0x4  exit.o [2]
  .text    ro code        0x9d0    0xa  cexit.o [5]
  .text    ro code        0x9dc   0x14  exit.o [6]
                        - 0x9f0  0x784

"A1":                            0x26c
  VTABLE   uninit   0x2000'0000  0x26c  interrupt.o [3]
                  - 0x2000'026c  0x26c

"P2":                            0x200
  .noinit  uninit   0x2000'026c  0x200  startup_ewarm.o [1]
                  - 0x2000'046c  0x200

Unused ranges:

         From           To      Size
         ----           --      ----
        0x9f0     0x3'ffff  0x3'f610
  0x2000'046c  0x2000'7fff    0x7b94



*******************************************************************************
*** MODULE SUMMARY
***

    Module            ro code  ro data  rw data
    ------            -------  -------  -------
command line/config:
    -------------------------------------------
    Total:

C:\Users\Mahmoud\Documents\lesson x - lec7 - Step 4 - TivaWare_C_Series-2.1.4.178\examples\boards\ek-tm4c123gxl\blinky\ewarm\Obj: [1]
    blinky.o               74
    delay.o                56
    keypad.o              116
    lcd.o                 308
    startup_ewarm.o        30      620      512
    -------------------------------------------
    Total:                584      620      512

dl7M_tln.a: [2]
    exit.o                  4
    low_level_init.o        4
    -------------------------------------------
    Total:                  8

driverlib.a: [3]
    gpio.o                972
    interrupt.o           172               620
    sysctl.o               72
    -------------------------------------------
    Total:              1 216               620

m7M_tls.a: [4]
    fpinit_M.o             34
    -------------------------------------------
    Total:                 34

rt7M_tl.a: [5]
    cexit.o                10
    cmain.o                30
    cstartup_M.o           12
    -------------------------------------------
    Total:                 52

shb_l.a: [6]
    exit.o                 20
    -------------------------------------------
    Total:                 20

    Gaps                   10
-----------------------------------------------
    Grand Total:        1 924      620    1 132


*******************************************************************************
*** ENTRY LIST
***

Entry                       Address   Size  Type      Object
-----                       -------   ----  ----      ------
?main                         0x9a9         Code  Gb  cmain.o [5]
FaultISR                      0x997    0x2  Code  Lc  startup_ewarm.o [1]
GPIODirModeSet                0x2ad   0x28  Code  Gb  gpio.o [3]
GPIOIntEnable                 0x423    0x6  Code  Gb  gpio.o [3]
GPIOIntRegisterPin            0x429   0x16  Code  Gb  gpio.o [3]
GPIOIntTypeSet                0x2d5   0x4c  Code  Gb  gpio.o [3]
GPIOPadConfigSet              0x321  0x102  Code  Gb  gpio.o [3]
GPIOPinTypeGPIOInput          0x453   0x14  Code  Gb  gpio.o [3]
GPIOPinTypeGPIOOutput         0x467    0xa  Code  Gb  gpio.o [3]
GPIOPinWrite                  0x447    0x8  Code  Gb  gpio.o [3]
IntDefaultHandler             0x999    0x2  Code  Lc  startup_ewarm.o [1]
IntEnable                     0x661   0x46  Code  Gb  interrupt.o [3]
IntRegister                   0x639   0x28  Code  Gb  interrupt.o [3]
NmiSR                         0x995    0x2  Code  Lc  startup_ewarm.o [1]
Region$$Table$$Base             0x0          --   Gb  - Linker created -
Region$$Table$$Limit            0x0          --   Gb  - Linker created -
ResetISR                      0x97d   0x12  Code  Gb  startup_ewarm.o [1]
SysCtlPeripheralEnable        0x83b    0x8  Code  Gb  sysctl.o [3]
SysCtlPeripheralReady         0x819    0x8  Code  Gb  sysctl.o [3]
_GPIOIntNumberGet             0x26d   0x40  Code  Lc  gpio.o [3]
__cmain                       0x9a9         Code  Gb  cmain.o [5]
__exit                        0x9dd   0x14  Code  Gb  exit.o [6]
__iar_init_vfp                0x959         Code  Gb  fpinit_M.o [4]
__iar_program_start           0x99b         Code  Gb  cstartup_M.o [5]
__low_level_init              0x9c7    0x4  Code  Gb  low_level_init.o [2]
__vector_table                  0x0  0x26c  Data  Gb  startup_ewarm.o [1]
_call_main                    0x9b5         Code  Gb  cmain.o [5]
_exit                         0x9d1         Code  Gb  cexit.o [5]
_main                         0x9c3         Code  Gb  cmain.o [5]
delay_ms                      0x87b   0x1e  Code  Gb  delay.o [1]
delay_us                      0x861   0x1a  Code  Gb  delay.o [1]
exit                          0x9cb    0x4  Code  Gb  exit.o [2]
g_pfnRAMVectors         0x2000'0000  0x26c  Data  Lc  interrupt.o [3]
g_ppui32GPIOIntMapBlizzard
                              0x4a0   0xc0  Data  Lc  gpio.o [3]
g_ppui32GPIOIntMapSnowflake
                              0x560   0xd8  Data  Lc  gpio.o [3]
g_pui32EnRegs                 0x6d0   0x14  Data  Lc  interrupt.o [3]
handler_1                     0x94d    0xa  Code  Gb  blinky.o [1]
keypad_init                   0x8e9    0xc  Code  Gb  keypad.o [1]
lcd_command                   0x76b   0x52  Code  Gb  lcd.o [1]
lcd_data                      0x7bd   0x4e  Code  Gb  lcd.o [1]
lcd_init                      0x723   0x48  Code  Gb  lcd.o [1]
main                          0x90d   0x36  Code  Gb  blinky.o [1]
port_a_init                   0x6e5   0x20  Code  Gb  lcd.o [1]
port_b_init                   0x705   0x1e  Code  Gb  lcd.o [1]
port_c_init                   0x899   0x28  Code  Gb  keypad.o [1]
port_e_init                   0x8c1   0x28  Code  Gb  keypad.o [1]
pui32Stack              0x2000'026c  0x200  Data  Lc  startup_ewarm.o [1]


[1] = C:\Users\Mahmoud\Documents\lesson x - lec7 - Step 4 - TivaWare_C_Series-2.1.4.178\examples\boards\ek-tm4c123gxl\blinky\ewarm\Obj
[2] = dl7M_tln.a
[3] = driverlib.a
[4] = m7M_tls.a
[5] = rt7M_tl.a
[6] = shb_l.a

  1 924 bytes of readonly  code memory
    620 bytes of readonly  data memory
  1 132 bytes of readwrite data memory

Errors: none
Warnings: none
