###############################################################################
#
# IAR ELF Linker V8.30.2.160/W32 for ARM                  03/Dec/2018  12:04:39
# Copyright 2007-2018 IAR Systems AB.
#
#    Output file  =  
#        C:\Users\Mahmoud\Documents\Microcontroller-Calculator-Project\examples\boards\ek-tm4c123gxl\blinky\ewarm\Exe\blinky.out
#    Map file     =  
#        C:\Users\Mahmoud\Documents\Microcontroller-Calculator-Project\examples\boards\ek-tm4c123gxl\blinky\ewarm\List\blinky.map
#    Command line =  
#        -f C:\Users\Mahmoud\AppData\Local\Temp\EW3C2E.tmp
#        (C:\Users\Mahmoud\Documents\Microcontroller-Calculator-Project\examples\boards\ek-tm4c123gxl\blinky\ewarm\Obj\blinky.o
#        C:\Users\Mahmoud\Documents\Microcontroller-Calculator-Project\examples\boards\ek-tm4c123gxl\blinky\ewarm\Obj\delay.o
#        C:\Users\Mahmoud\Documents\Microcontroller-Calculator-Project\driverlib\ewarm\Exe\driverlib.a
#        C:\Users\Mahmoud\Documents\Microcontroller-Calculator-Project\examples\boards\ek-tm4c123gxl\blinky\ewarm\Obj\keypad.o
#        C:\Users\Mahmoud\Documents\Microcontroller-Calculator-Project\examples\boards\ek-tm4c123gxl\blinky\ewarm\Obj\lcd.o
#        C:\Users\Mahmoud\Documents\Microcontroller-Calculator-Project\examples\boards\ek-tm4c123gxl\blinky\ewarm\Obj\parser.o
#        C:\Users\Mahmoud\Documents\Microcontroller-Calculator-Project\examples\boards\ek-tm4c123gxl\blinky\ewarm\Obj\startup_ewarm.o
#        --redirect _Printf=_PrintfTiny --redirect _Scanf=_ScanfSmallNoMb
#        --no_out_extension -o
#        C:\Users\Mahmoud\Documents\Microcontroller-Calculator-Project\examples\boards\ek-tm4c123gxl\blinky\ewarm\Exe\blinky.out
#        --map
#        C:\Users\Mahmoud\Documents\Microcontroller-Calculator-Project\examples\boards\ek-tm4c123gxl\blinky\ewarm\List\blinky.map
#        --config
#        C:\Users\Mahmoud\Documents\Microcontroller-Calculator-Project\examples\boards\ek-tm4c123gxl\blinky\blinky.icf
#        --semihosting --entry __iar_program_start --vfe --text_out locale)
#
###############################################################################

*******************************************************************************
*** RUNTIME MODEL ATTRIBUTES
***

CppFlavor       = *
__SystemLibrary = DLib
__dlib_version  = 6


*******************************************************************************
*** HEAP SELECTION
***

The basic heap was selected because some modules are built with
size limitations (and not runtime checking), and --advanced_heap
was not specified.


*******************************************************************************
*** PLACEMENT SUMMARY
***

"A0":  place at start of [from 0x0 to 0x3'ffff] { ro section .intvec };
"P1":  place in [from 0x0 to 0x3'ffff] { ro };
define block HEAP with size = 0M, alignment = 8 { };
"P2":  place in [from 0x2000'0000 to 0x2000'7fff] { rw, block HEAP };
do not initialize { section .noinit };

No sections matched the following patterns:

  section VTABLE  in "A1"


  Section          Kind         Address   Size  Object
  -------          ----         -------   ----  ------
"A0":                                    0x26c
  .intvec          const            0x0  0x26c  startup_ewarm.o [1]
                                - 0x26c  0x26c

"P1":                                    0x70c
  .text            ro code        0x26c  0x18c  keypad.o [1]
  .text            ro code        0x3f8   0x48  sysctl.o [3]
  .text            ro code        0x440  0x176  gpio.o [3]
  .text            ro code        0x5b6   0x3a  zero_init3.o [5]
  .text            ro code        0x5f0   0x56  ABImemcpy_unaligned.o [5]
  .text            ro code        0x646   0x38  delay.o [1]
  .text            ro code        0x680  0x14c  lcd.o [1]
  .text            ro code        0x7cc   0x66  blinky.o [1]
  .text            ro code        0x834   0x64  parser.o [1]
  .text            ro code        0x898   0x28  data_init.o [5]
  .text            ro code        0x8c0   0x22  fpinit_M.o [4]
  .iar.init_table  const          0x8e4   0x10  - Linker created -
  .text            ro code        0x8f4   0x1e  startup_ewarm.o [1]
  .text            ro code        0x912    0xc  cstartup_M.o [5]
  .text            ro code        0x920   0x1e  cmain.o [5]
  .text            ro code        0x93e    0x4  low_level_init.o [2]
  .text            ro code        0x942    0x4  exit.o [2]
  .text            ro code        0x948    0xa  cexit.o [5]
  .text            ro code        0x954   0x14  exit.o [6]
  .rodata          const          0x968   0x10  keypad.o [1]
  .rodata          const          0x978    0x0  zero_init3.o [5]
                                - 0x978  0x70c

"P2", part 1 of 2:                        0x18
  .bss             zero     0x2000'0000   0x10  parser.o [1]
  .bss             zero     0x2000'0010    0x4  parser.o [1]
  .bss             zero     0x2000'0014    0x4  parser.o [1]
                          - 0x2000'0018   0x18

"P2", part 2 of 2:                       0x200
  .noinit          uninit   0x2000'0018  0x200  startup_ewarm.o [1]
                          - 0x2000'0218  0x200

Unused ranges:

         From           To      Size
         ----           --      ----
        0x978     0x3'ffff  0x3'f688
  0x2000'0218  0x2000'7fff    0x7de8


*******************************************************************************
*** INIT TABLE
***

          Address      Size
          -------      ----
Zero (__iar_zero_init3)
    1 destination range, total size 0x18:
          0x2000'0000  0x18



*******************************************************************************
*** MODULE SUMMARY
***

    Module                 ro code  ro data  rw data
    ------                 -------  -------  -------
command line/config:
    ------------------------------------------------
    Total:

C:\Users\Mahmoud\Documents\Microcontroller-Calculator-Project\examples\boards\ek-tm4c123gxl\blinky\ewarm\Obj: [1]
    blinky.o                   102
    delay.o                     56
    keypad.o                   396       16
    lcd.o                      332
    parser.o                   100                24
    startup_ewarm.o             30      620      512
    ------------------------------------------------
    Total:                   1 016      636      536

dl7M_tln.a: [2]
    exit.o                       4
    low_level_init.o             4
    ------------------------------------------------
    Total:                       8

driverlib.a: [3]
    gpio.o                     374
    sysctl.o                    72
    ------------------------------------------------
    Total:                     446

m7M_tls.a: [4]
    fpinit_M.o                  34
    ------------------------------------------------
    Total:                      34

rt7M_tl.a: [5]
    ABImemcpy_unaligned.o       86
    cexit.o                     10
    cmain.o                     30
    cstartup_M.o                12
    data_init.o                 40
    zero_init3.o                58
    ------------------------------------------------
    Total:                     236

shb_l.a: [6]
    exit.o                      20
    ------------------------------------------------
    Total:                      20

    Gaps                        10        2
    Linker created                       16
----------------------------------------------------
    Grand Total:             1 770      654      536


*******************************************************************************
*** ENTRY LIST
***

Entry                       Address   Size  Type      Object
-----                       -------   ----  ----      ------
.iar.init_table$$Base         0x8e4          --   Gb  - Linker created -
.iar.init_table$$Limit        0x8f4          --   Gb  - Linker created -
?main                         0x921         Code  Gb  cmain.o [5]
FaultISR                      0x90f    0x2  Code  Lc  startup_ewarm.o [1]
GPIODirModeSet                0x441   0x28  Code  Gb  gpio.o [3]
GPIOPadConfigSet              0x469  0x102  Code  Gb  gpio.o [3]
GPIOPinRead                   0x56b    0x8  Code  Gb  gpio.o [3]
GPIOPinTypeGPIOInput          0x57f   0x14  Code  Gb  gpio.o [3]
GPIOPinTypeGPIOOutput         0x593    0xa  Code  Gb  gpio.o [3]
GPIOPinWrite                  0x573    0x8  Code  Gb  gpio.o [3]
IntDefaultHandler             0x911    0x2  Code  Lc  startup_ewarm.o [1]
NmiSR                         0x90d    0x2  Code  Lc  startup_ewarm.o [1]
Region$$Table$$Base           0x8e4          --   Gb  - Linker created -
Region$$Table$$Limit          0x8f4          --   Gb  - Linker created -
ResetISR                      0x8f5   0x12  Code  Gb  startup_ewarm.o [1]
SysCtlPeripheralEnable        0x41b    0x8  Code  Gb  sysctl.o [3]
SysCtlPeripheralReady         0x3f9    0x8  Code  Gb  sysctl.o [3]
__cmain                       0x921         Code  Gb  cmain.o [5]
__exit                        0x955   0x14  Code  Gb  exit.o [6]
__iar_data_init3              0x899   0x28  Code  Gb  data_init.o [5]
__iar_init_vfp                0x8c1         Code  Gb  fpinit_M.o [4]
__iar_program_start           0x913         Code  Gb  cstartup_M.o [5]
__iar_unaligned_memcpy4
                              0x5f1         Code  Gb  ABImemcpy_unaligned.o [5]
__iar_unaligned_memcpy8
                              0x5f1         Code  Gb  ABImemcpy_unaligned.o [5]
__iar_zero_init3              0x5b7   0x3a  Code  Gb  zero_init3.o [5]
__low_level_init              0x93f    0x4  Code  Gb  low_level_init.o [2]
__vector_table                  0x0  0x26c  Data  Gb  startup_ewarm.o [1]
_call_main                    0x92d         Code  Gb  cmain.o [5]
_exit                         0x949         Code  Gb  cexit.o [5]
_main                         0x93b         Code  Gb  cmain.o [5]
clear_screen                  0x829    0xa  Code  Gb  blinky.o [1]
delay_ms                      0x661   0x1e  Code  Gb  delay.o [1]
delay_us                      0x647   0x1a  Code  Gb  delay.o [1]
exit                          0x943    0x4  Code  Gb  exit.o [2]
get_number                    0x835    0x6  Code  Gb  parser.o [1]
get_number_char               0x887    0x6  Code  Gb  parser.o [1]
keypad_get_key                0x2c9  0x112  Code  Gb  keypad.o [1]
keypad_init                   0x2bd    0xc  Code  Gb  keypad.o [1]
lcd_char_data                 0x7b5   0x18  Code  Gb  lcd.o [1]
lcd_command                   0x707   0x52  Code  Gb  lcd.o [1]
lcd_data                      0x759   0x4e  Code  Gb  lcd.o [1]
lcd_init                      0x6bf   0x48  Code  Gb  lcd.o [1]
main                          0x7cd   0x5c  Code  Gb  blinky.o [1]
number                  0x2000'0010    0x4  Data  Gb  parser.o [1]
number_char             0x2000'0000   0x10  Data  Gb  parser.o [1]
number_to_char                0x853   0x34  Code  Gb  parser.o [1]
number_to_char_counter  0x2000'0014    0x4  Data  Gb  parser.o [1]
parse                         0x83b   0x18  Code  Gb  parser.o [1]
port_a_init                   0x681   0x20  Code  Gb  lcd.o [1]
port_b_init                   0x6a1   0x1e  Code  Gb  lcd.o [1]
port_c_init                   0x26d   0x28  Code  Gb  keypad.o [1]
port_e_init                   0x295   0x28  Code  Gb  keypad.o [1]
pui32Stack              0x2000'0018  0x200  Data  Lc  startup_ewarm.o [1]


[1] = C:\Users\Mahmoud\Documents\Microcontroller-Calculator-Project\examples\boards\ek-tm4c123gxl\blinky\ewarm\Obj
[2] = dl7M_tln.a
[3] = driverlib.a
[4] = m7M_tls.a
[5] = rt7M_tl.a
[6] = shb_l.a

  1 770 bytes of readonly  code memory
    654 bytes of readonly  data memory
    536 bytes of readwrite data memory

Errors: none
Warnings: none
