###############################################################################
#
# IAR ELF Linker V8.30.2.160/W32 for ARM                  08/Dec/2018  16:23:29
# Copyright 2007-2018 IAR Systems AB.
#
#    Output file  =  
#        C:\Users\Mahmoud\Documents\Microcontroller-Calculator-Project\examples\boards\ek-tm4c123gxl\blinky\ewarm\Exe\blinky.out
#    Map file     =  
#        C:\Users\Mahmoud\Documents\Microcontroller-Calculator-Project\examples\boards\ek-tm4c123gxl\blinky\ewarm\List\blinky.map
#    Command line =  
#        -f C:\Users\Mahmoud\AppData\Local\Temp\EW931A.tmp
#        (C:\Users\Mahmoud\Documents\Microcontroller-Calculator-Project\examples\boards\ek-tm4c123gxl\blinky\ewarm\Obj\blinky.o
#        C:\Users\Mahmoud\Documents\Microcontroller-Calculator-Project\examples\boards\ek-tm4c123gxl\blinky\ewarm\Obj\delay.o
#        C:\Users\Mahmoud\Documents\Microcontroller-Calculator-Project\driverlib\ewarm\Exe\driverlib.a
#        C:\Users\Mahmoud\Documents\Microcontroller-Calculator-Project\examples\boards\ek-tm4c123gxl\blinky\ewarm\Obj\keypad.o
#        C:\Users\Mahmoud\Documents\Microcontroller-Calculator-Project\examples\boards\ek-tm4c123gxl\blinky\ewarm\Obj\lcd.o
#        C:\Users\Mahmoud\Documents\Microcontroller-Calculator-Project\examples\boards\ek-tm4c123gxl\blinky\ewarm\Obj\mathop.o
#        C:\Users\Mahmoud\Documents\Microcontroller-Calculator-Project\examples\boards\ek-tm4c123gxl\blinky\ewarm\Obj\parser.o
#        C:\Users\Mahmoud\Documents\Microcontroller-Calculator-Project\examples\boards\ek-tm4c123gxl\blinky\ewarm\Obj\startup_ewarm.o
#        --redirect _Printf=_PrintfTiny --redirect _Scanf=_ScanfSmallNoMb
#        --no_out_extension -o
#        C:\Users\Mahmoud\Documents\Microcontroller-Calculator-Project\examples\boards\ek-tm4c123gxl\blinky\ewarm\Exe\blinky.out
#        --map
#        C:\Users\Mahmoud\Documents\Microcontroller-Calculator-Project\examples\boards\ek-tm4c123gxl\blinky\ewarm\List\blinky.map
#        --config "C:\Program Files (x86)\IAR Systems\Embedded Workbench
#        8.1\arm\config\linker\TexasInstruments\TM4C123GH6.icf" --semihosting
#        --entry __iar_program_start --vfe --text_out locale)
#
###############################################################################

*******************************************************************************
*** RUNTIME MODEL ATTRIBUTES
***

CppFlavor       = *
__SystemLibrary = DLib
__dlib_version  = 6


*******************************************************************************
*** HEAP SELECTION
***

The basic heap was selected because some modules are built with
size limitations (and not runtime checking), and --advanced_heap
was not specified.


*******************************************************************************
*** PLACEMENT SUMMARY
***

"A0":  place at 0x0 { ro section .intvec };
"P1":  place in [from 0x0 to 0x3'ffff] { ro };
define block CSTACK with size = 4K, alignment = 8 { };
define block HEAP with size = 8K, alignment = 8 { };
"P2":  place in [from 0x2000'0000 to 0x2000'7fff] {
          rw, block CSTACK, block HEAP };
do not initialize { section .noinit };

  Section          Kind         Address   Size  Object
  -------          ----         -------   ----  ------
"A0":                                    0x26c
  .intvec          const            0x0  0x26c  startup_ewarm.o [1]
                                - 0x26c  0x26c

"P1":                                    0x9ac
  .text            ro code        0x26c  0x3ec  gpio.o [3]
  .text            ro code        0x658   0xac  interrupt.o [3]
  .text            ro code        0x704  0x18c  keypad.o [1]
  .text            ro code        0x890   0x48  sysctl.o [3]
  .text            ro code        0x8d8   0x56  ABImemcpy_unaligned.o [5]
  .text            ro code        0x92e   0x38  delay.o [1]
  .text            ro code        0x966   0x3a  zero_init3.o [5]
  .text            ro code        0x9a0  0x134  lcd.o [1]
  .text            ro code        0xad4   0x64  blinky.o [1]
  .text            ro code        0xb38   0x28  data_init.o [5]
  .text            ro code        0xb60   0x22  fpinit_M.o [4]
  .iar.init_table  const          0xb84   0x10  - Linker created -
  .text            ro code        0xb94   0x1e  startup_ewarm.o [1]
  .text            ro code        0xbb2    0xc  cstartup_M.o [5]
  .text            ro code        0xbc0   0x1e  cmain.o [5]
  .text            ro code        0xbde    0x4  low_level_init.o [2]
  .text            ro code        0xbe2    0x4  exit.o [2]
  .text            ro code        0xbe8    0xa  cexit.o [5]
  .text            ro code        0xbf4   0x14  exit.o [6]
  .rodata          const          0xc08   0x10  keypad.o [1]
  .rodata          const          0xc18    0x0  zero_init3.o [5]
                                - 0xc18  0x9ac

"P2", part 1 of 2:                         0x4
  .bss             zero     0x2000'0000    0x4  blinky.o [1]
                          - 0x2000'0004    0x4

"P2", part 2 of 2:                       0x46c
  VTABLE           uninit   0x2000'0400  0x26c  interrupt.o [3]
  .noinit          uninit   0x2000'066c  0x200  startup_ewarm.o [1]
                          - 0x2000'086c  0x46c

Unused ranges:

         From           To      Size
         ----           --      ----
        0xc18     0x3'ffff  0x3'f3e8
  0x2000'0004  0x2000'03ff     0x3fc
  0x2000'086c  0x2000'7fff    0x7794


*******************************************************************************
*** INIT TABLE
***

          Address      Size
          -------      ----
Zero (__iar_zero_init3)
    1 destination range, total size 0x4:
          0x2000'0000   0x4



*******************************************************************************
*** MODULE SUMMARY
***

    Module                 ro code  ro data  rw data
    ------                 -------  -------  -------
command line/config:
    ------------------------------------------------
    Total:

C:\Users\Mahmoud\Documents\Microcontroller-Calculator-Project\examples\boards\ek-tm4c123gxl\blinky\ewarm\Obj: [1]
    blinky.o                   100                 4
    delay.o                     56
    keypad.o                   396       16
    lcd.o                      308
    startup_ewarm.o             30      620      512
    ------------------------------------------------
    Total:                     890      636      516

dl7M_tln.a: [2]
    exit.o                       4
    low_level_init.o             4
    ------------------------------------------------
    Total:                       8

driverlib.a: [3]
    gpio.o                   1 004
    interrupt.o                172               620
    sysctl.o                    72
    ------------------------------------------------
    Total:                   1 248               620

m7M_tls.a: [4]
    fpinit_M.o                  34
    ------------------------------------------------
    Total:                      34

rt7M_tl.a: [5]
    ABImemcpy_unaligned.o       86
    cexit.o                     10
    cmain.o                     30
    cstartup_M.o                12
    data_init.o                 40
    zero_init3.o                58
    ------------------------------------------------
    Total:                     236

shb_l.a: [6]
    exit.o                      20
    ------------------------------------------------
    Total:                      20

    Gaps                         6        2
    Linker created                       16
----------------------------------------------------
    Grand Total:             2 442      654    1 136


*******************************************************************************
*** ENTRY LIST
***

Entry                       Address   Size  Type      Object
-----                       -------   ----  ----      ------
.iar.init_table$$Base         0xb84          --   Gb  - Linker created -
.iar.init_table$$Limit        0xb94          --   Gb  - Linker created -
?main                         0xbc1         Code  Gb  cmain.o [5]
FaultISR                      0xbaf    0x2  Code  Lc  startup_ewarm.o [1]
GPIODirModeSet                0x2ad   0x28  Code  Gb  gpio.o [3]
GPIOIntClear                  0x42f    0x8  Code  Gb  gpio.o [3]
GPIOIntDisable                0x429    0x6  Code  Gb  gpio.o [3]
GPIOIntEnable                 0x423    0x6  Code  Gb  gpio.o [3]
GPIOIntRegister               0x437   0x14  Code  Gb  gpio.o [3]
GPIOIntTypeSet                0x2d5   0x4c  Code  Gb  gpio.o [3]
GPIOPadConfigSet              0x321  0x102  Code  Gb  gpio.o [3]
GPIOPinRead                   0x453    0x8  Code  Gb  gpio.o [3]
GPIOPinTypeGPIOInput          0x467   0x14  Code  Gb  gpio.o [3]
GPIOPinTypeGPIOOutput         0x47b    0xa  Code  Gb  gpio.o [3]
GPIOPinWrite                  0x45b    0x8  Code  Gb  gpio.o [3]
IntDefaultHandler             0xbb1    0x2  Code  Lc  startup_ewarm.o [1]
IntEnable                     0x681   0x46  Code  Gb  interrupt.o [3]
IntRegister                   0x659   0x28  Code  Gb  interrupt.o [3]
NmiSR                         0xbad    0x2  Code  Lc  startup_ewarm.o [1]
Region$$Table$$Base           0xb84          --   Gb  - Linker created -
Region$$Table$$Limit          0xb94          --   Gb  - Linker created -
ResetISR                      0xb95   0x12  Code  Gb  startup_ewarm.o [1]
SysCtlPeripheralEnable        0x8b3    0x8  Code  Gb  sysctl.o [3]
SysCtlPeripheralReady         0x891    0x8  Code  Gb  sysctl.o [3]
_GPIOIntNumberGet             0x26d   0x40  Code  Lc  gpio.o [3]
__cmain                       0xbc1         Code  Gb  cmain.o [5]
__exit                        0xbf5   0x14  Code  Gb  exit.o [6]
__iar_data_init3              0xb39   0x28  Code  Gb  data_init.o [5]
__iar_init_vfp                0xb61         Code  Gb  fpinit_M.o [4]
__iar_program_start           0xbb3         Code  Gb  cstartup_M.o [5]
__iar_unaligned_memcpy4
                              0x8d9         Code  Gb  ABImemcpy_unaligned.o [5]
__iar_unaligned_memcpy8
                              0x8d9         Code  Gb  ABImemcpy_unaligned.o [5]
__iar_zero_init3              0x967   0x3a  Code  Gb  zero_init3.o [5]
__low_level_init              0xbdf    0x4  Code  Gb  low_level_init.o [2]
__vector_table                  0x0  0x26c  Data  Gb  startup_ewarm.o [1]
_call_main                    0xbcd         Code  Gb  cmain.o [5]
_exit                         0xbe9         Code  Gb  cexit.o [5]
_main                         0xbdb         Code  Gb  cmain.o [5]
count_flag              0x2000'0000    0x4  Data  Gb  blinky.o [1]
delay_ms                      0x949   0x1e  Code  Gb  delay.o [1]
delay_us                      0x92f   0x1a  Code  Gb  delay.o [1]
exit                          0xbe3    0x4  Code  Gb  exit.o [2]
g_pfnRAMVectors         0x2000'0400  0x26c  Data  Lc  interrupt.o [3]
g_ppui32GPIOIntMapBlizzard
                              0x4c0   0xc0  Data  Lc  gpio.o [3]
g_ppui32GPIOIntMapSnowflake
                              0x580   0xd8  Data  Lc  gpio.o [3]
g_pui32EnRegs                 0x6f0   0x14  Data  Lc  interrupt.o [3]
handler_pin_4                 0xaed   0x42  Code  Gb  blinky.o [1]
keypad_get_key                0x78f   0xe6  Code  Gb  keypad.o [1]
keypad_init                   0x77f   0x10  Code  Gb  keypad.o [1]
lcd_command                   0xa27   0x52  Code  Gb  lcd.o [1]
lcd_data                      0xa79   0x4e  Code  Gb  lcd.o [1]
lcd_init                      0x9df   0x48  Code  Gb  lcd.o [1]
main                          0xad5   0x16  Code  Gb  blinky.o [1]
port_a_init                   0x9a1   0x20  Code  Gb  lcd.o [1]
port_b_init                   0x9c1   0x1e  Code  Gb  lcd.o [1]
port_c_init                   0x705   0x46  Code  Gb  keypad.o [1]
port_e_init                   0x74b   0x34  Code  Gb  keypad.o [1]
pui32Stack              0x2000'066c  0x200  Data  Lc  startup_ewarm.o [1]


[1] = C:\Users\Mahmoud\Documents\Microcontroller-Calculator-Project\examples\boards\ek-tm4c123gxl\blinky\ewarm\Obj
[2] = dl7M_tln.a
[3] = driverlib.a
[4] = m7M_tls.a
[5] = rt7M_tl.a
[6] = shb_l.a

  2 442 bytes of readonly  code memory
    654 bytes of readonly  data memory
  1 136 bytes of readwrite data memory

Errors: none
Warnings: none
