###############################################################################
#
# IAR ELF Linker V8.32.1.169/W32 for ARM                  24/Dec/2018  21:59:00
# Copyright 2007-2018 IAR Systems AB.
#
#    Output file  =  
#        D:\kolya\year 4\semester
#        7\Micro-Controllers\Project\Microcontroller-Calculator-Project\examples\boards\ek-tm4c123gxl\blinky\ewarm\Exe\blinky.out
#    Map file     =  
#        D:\kolya\year 4\semester
#        7\Micro-Controllers\Project\Microcontroller-Calculator-Project\examples\boards\ek-tm4c123gxl\blinky\ewarm\List\blinky.map
#    Command line =  
#        -f C:\Users\eslam\AppData\Local\Temp\EWD1E.tmp ("D:\kolya\year
#        4\semester
#        7\Micro-Controllers\Project\Microcontroller-Calculator-Project\examples\boards\ek-tm4c123gxl\blinky\ewarm\Obj\blinky.o"
#        "D:\kolya\year 4\semester
#        7\Micro-Controllers\Project\Microcontroller-Calculator-Project\examples\boards\ek-tm4c123gxl\blinky\ewarm\Obj\delay.o"
#        "D:\kolya\year 4\semester
#        7\Micro-Controllers\Project\Microcontroller-Calculator-Project\driverlib\ewarm\Exe\driverlib.a"
#        "D:\kolya\year 4\semester
#        7\Micro-Controllers\Project\Microcontroller-Calculator-Project\examples\boards\ek-tm4c123gxl\blinky\ewarm\Obj\keypad.o"
#        "D:\kolya\year 4\semester
#        7\Micro-Controllers\Project\Microcontroller-Calculator-Project\examples\boards\ek-tm4c123gxl\blinky\ewarm\Obj\lcd.o"
#        "D:\kolya\year 4\semester
#        7\Micro-Controllers\Project\Microcontroller-Calculator-Project\examples\boards\ek-tm4c123gxl\blinky\ewarm\Obj\mathop.o"
#        "D:\kolya\year 4\semester
#        7\Micro-Controllers\Project\Microcontroller-Calculator-Project\examples\boards\ek-tm4c123gxl\blinky\ewarm\Obj\parser.o"
#        "D:\kolya\year 4\semester
#        7\Micro-Controllers\Project\Microcontroller-Calculator-Project\examples\boards\ek-tm4c123gxl\blinky\ewarm\Obj\startup_ewarm.o"
#        --redirect _Printf=_PrintfTiny --redirect _Scanf=_ScanfSmallNoMb
#        --no_out_extension -o "D:\kolya\year 4\semester
#        7\Micro-Controllers\Project\Microcontroller-Calculator-Project\examples\boards\ek-tm4c123gxl\blinky\ewarm\Exe\blinky.out"
#        --map "D:\kolya\year 4\semester
#        7\Micro-Controllers\Project\Microcontroller-Calculator-Project\examples\boards\ek-tm4c123gxl\blinky\ewarm\List\blinky.map"
#        --config "C:\Program Files (x86)\IAR Systems\Embedded Workbench
#        8.2\arm\config\linker\TexasInstruments\TM4C123GH6.icf" --semihosting
#        --entry __iar_program_start --vfe --text_out locale)
#
###############################################################################

*******************************************************************************
*** RUNTIME MODEL ATTRIBUTES
***

CppFlavor       = *
__SystemLibrary = DLib
__dlib_version  = 6


*******************************************************************************
*** HEAP SELECTION
***

The basic heap was selected because some modules are built with
size limitations (and not runtime checking), and --advanced_heap
was not specified.


*******************************************************************************
*** PLACEMENT SUMMARY
***

"A0":  place at 0x0 { ro section .intvec };
"P1":  place in [from 0x0 to 0x3'ffff] { ro };
define block CSTACK with size = 4K, alignment = 8 { };
define block HEAP with size = 8K, alignment = 8 { };
"P2":  place in [from 0x2000'0000 to 0x2000'7fff] {
          rw, block CSTACK, block HEAP };
do not initialize { section .noinit };

  Section          Kind         Address   Size  Object
  -------          ----         -------   ----  ------
"A0":                                    0x26c
  .intvec          const            0x0  0x26c  startup_ewarm.o [1]
                                - 0x26c  0x26c

"P1":                                    0x6e8
  .text            ro code        0x26c  0x1e4  keypad.o [1]
  .text            ro code        0x450   0x48  sysctl.o [3]
  .text            ro code        0x498  0x17c  gpio.o [3]
  .text            ro code        0x614   0x56  ABImemcpy_unaligned.o [5]
  .text            ro code        0x66a   0x38  delay.o [1]
  .text            ro code        0x6a2   0x3a  zero_init3.o [5]
  .text            ro code        0x6dc  0x134  lcd.o [1]
  .text            ro code        0x810   0x64  blinky.o [1]
  .text            ro code        0x874   0x28  data_init.o [5]
  .text            ro code        0x89c   0x22  fpinit_M.o [4]
  .iar.init_table  const          0x8c0   0x10  - Linker created -
  .text            ro code        0x8d0   0x1e  startup_ewarm.o [1]
  .text            ro code        0x8ee    0xc  cstartup_M.o [5]
  .text            ro code        0x8fc   0x1e  cmain.o [5]
  .text            ro code        0x91a    0x4  low_level_init.o [2]
  .text            ro code        0x91e    0x4  exit.o [2]
  .text            ro code        0x924    0xa  cexit.o [5]
  .text            ro code        0x930   0x14  exit.o [6]
  .rodata          const          0x944   0x10  keypad.o [1]
  .rodata          const          0x954    0x0  zero_init3.o [5]
                                - 0x954  0x6e8

"P2", part 1 of 2:                         0x4
  .bss             zero     0x2000'0000    0x4  blinky.o [1]
                          - 0x2000'0004    0x4

"P2", part 2 of 2:                       0x200
  .noinit          uninit   0x2000'0004  0x200  startup_ewarm.o [1]
                          - 0x2000'0204  0x200

Unused ranges:

         From           To      Size
         ----           --      ----
        0x954     0x3'ffff  0x3'f6ac
  0x2000'0204  0x2000'7fff    0x7dfc


*******************************************************************************
*** INIT TABLE
***

          Address      Size
          -------      ----
Zero (__iar_zero_init3)
    1 destination range, total size 0x4:
          0x2000'0000   0x4



*******************************************************************************
*** MODULE SUMMARY
***

    Module                 ro code  ro data  rw data
    ------                 -------  -------  -------
command line/config:
    ------------------------------------------------
    Total:

D:\kolya\year 4\semester 7\Micro-Controllers\Project\Microcontroller-Calculator-Project\examples\boards\ek-tm4c123gxl\blinky\ewarm\Obj: [1]
    blinky.o                   100                 4
    delay.o                     56
    keypad.o                   484       16
    lcd.o                      308
    startup_ewarm.o             30      620      512
    ------------------------------------------------
    Total:                     978      636      516

dl7M_tln.a: [2]
    exit.o                       4
    low_level_init.o             4
    ------------------------------------------------
    Total:                       8

driverlib.a: [3]
    gpio.o                     380
    sysctl.o                    72
    ------------------------------------------------
    Total:                     452

m7M_tls.a: [4]
    fpinit_M.o                  34
    ------------------------------------------------
    Total:                      34

rt7M_tl.a: [5]
    ABImemcpy_unaligned.o       86
    cexit.o                     10
    cmain.o                     30
    cstartup_M.o                12
    data_init.o                 40
    zero_init3.o                58
    ------------------------------------------------
    Total:                     236

shb_l.a: [6]
    exit.o                      20
    ------------------------------------------------
    Total:                      20

    Gaps                         6        2
    Linker created                       16
----------------------------------------------------
    Grand Total:             1 734      654      516


*******************************************************************************
*** ENTRY LIST
***

Entry                       Address   Size  Type      Object
-----                       -------   ----  ----      ------
.iar.init_table$$Base         0x8c0          --   Gb  - Linker created -
.iar.init_table$$Limit        0x8d0          --   Gb  - Linker created -
?main                         0x8fd         Code  Gb  cmain.o [5]
FaultISR                      0x8eb    0x2  Code  Lc  startup_ewarm.o [1]
GPIODirModeSet                0x499   0x28  Code  Gb  gpio.o [3]
GPIOIntClear                  0x5cf    0x8  Code  Gb  gpio.o [3]
GPIOIntDisable                0x5c9    0x6  Code  Gb  gpio.o [3]
GPIOIntEnable                 0x5c3    0x6  Code  Gb  gpio.o [3]
GPIOPadConfigSet              0x4c1  0x102  Code  Gb  gpio.o [3]
GPIOPinRead                   0x5d7    0x8  Code  Gb  gpio.o [3]
GPIOPinTypeGPIOOutput         0x5e7    0xa  Code  Gb  gpio.o [3]
GPIOPinWrite                  0x5df    0x8  Code  Gb  gpio.o [3]
GPIO_PORTF_Handler            0x2db    0xc  Code  Gb  keypad.o [1]
IntDefaultHandler             0x8ed    0x2  Code  Lc  startup_ewarm.o [1]
NmiSR                         0x8e9    0x2  Code  Lc  startup_ewarm.o [1]
Region$$Table$$Base           0x8c0          --   Gb  - Linker created -
Region$$Table$$Limit          0x8d0          --   Gb  - Linker created -
ResetISR                      0x8d1   0x12  Code  Gb  startup_ewarm.o [1]
SysCtlPeripheralEnable        0x473    0x8  Code  Gb  sysctl.o [3]
SysCtlPeripheralReady         0x451    0x8  Code  Gb  sysctl.o [3]
__cmain                       0x8fd         Code  Gb  cmain.o [5]
__exit                        0x931   0x14  Code  Gb  exit.o [6]
__iar_data_init3              0x875   0x28  Code  Gb  data_init.o [5]
__iar_init_vfp                0x89d         Code  Gb  fpinit_M.o [4]
__iar_program_start           0x8ef         Code  Gb  cstartup_M.o [5]
__iar_unaligned_memcpy4
                              0x615         Code  Gb  ABImemcpy_unaligned.o [5]
__iar_unaligned_memcpy8
                              0x615         Code  Gb  ABImemcpy_unaligned.o [5]
__iar_zero_init3              0x6a3   0x3a  Code  Gb  zero_init3.o [5]
__low_level_init              0x91b    0x4  Code  Gb  low_level_init.o [2]
__vector_table                  0x0  0x26c  Data  Gb  startup_ewarm.o [1]
_call_main                    0x909         Code  Gb  cmain.o [5]
_exit                         0x925         Code  Gb  cexit.o [5]
_main                         0x917         Code  Gb  cmain.o [5]
count_flag              0x2000'0000    0x4  Data  Gb  blinky.o [1]
delay_ms                      0x685   0x1e  Code  Gb  delay.o [1]
delay_us                      0x66b   0x1a  Code  Gb  delay.o [1]
exit                          0x91f    0x4  Code  Gb  exit.o [2]
handler_pin_4                 0x829   0x42  Code  Gb  blinky.o [1]
keypad_get_key                0x329   0xe6  Code  Gb  keypad.o [1]
keypad_init                   0x31b    0xe  Code  Gb  keypad.o [1]
lcd_command                   0x763   0x52  Code  Gb  lcd.o [1]
lcd_data                      0x7b5   0x4e  Code  Gb  lcd.o [1]
lcd_init                      0x71b   0x48  Code  Gb  lcd.o [1]
main                          0x811   0x16  Code  Gb  blinky.o [1]
port_a_init                   0x6dd   0x20  Code  Gb  lcd.o [1]
port_b_init                   0x6fd   0x1e  Code  Gb  lcd.o [1]
port_c_init                   0x26d   0x6e  Code  Gb  keypad.o [1]
port_e_init                   0x2e7   0x34  Code  Gb  keypad.o [1]
pui32Stack              0x2000'0004  0x200  Data  Lc  startup_ewarm.o [1]


[1] = D:\kolya\year 4\semester 7\Micro-Controllers\Project\Microcontroller-Calculator-Project\examples\boards\ek-tm4c123gxl\blinky\ewarm\Obj
[2] = dl7M_tln.a
[3] = driverlib.a
[4] = m7M_tls.a
[5] = rt7M_tl.a
[6] = shb_l.a

  1 734 bytes of readonly  code memory
    654 bytes of readonly  data memory
    516 bytes of readwrite data memory

Errors: none
Warnings: none
